[0.012s] Invoking command in '/home/ubuntu/rover_ws/build/rover_localization': CMAKE_PREFIX_PATH=${CMAKE_PREFIX_PATH}:/opt/ros/jazzy DEBUGINFOD_URLS=https://debuginfod.ubuntu.com /usr/bin/cmake --build /home/ubuntu/rover_ws/build/rover_localization -- -j16 -l16
[0.255s] -- Found ament_cmake: 2.5.4 (/opt/ros/jazzy/share/ament_cmake/cmake)
[0.820s] -- Found rclcpp: 28.1.9 (/opt/ros/jazzy/share/rclcpp/cmake)
[1.058s] -- Found rosidl_generator_c: 4.6.5 (/opt/ros/jazzy/share/rosidl_generator_c/cmake)
[1.128s] -- Found rosidl_generator_cpp: 4.6.5 (/opt/ros/jazzy/share/rosidl_generator_cpp/cmake)
[1.207s] -- Using all available rosidl_typesupport_c: rosidl_typesupport_fastrtps_c;rosidl_typesupport_introspection_c
[1.237s] -- Using all available rosidl_typesupport_cpp: rosidl_typesupport_fastrtps_cpp;rosidl_typesupport_introspection_cpp
[1.469s] -- Found rmw_implementation_cmake: 7.3.2 (/opt/ros/jazzy/share/rmw_implementation_cmake/cmake)
[1.489s] -- Found rmw_fastrtps_cpp: 8.4.2 (/opt/ros/jazzy/share/rmw_fastrtps_cpp/cmake)
[1.700s] -- Using RMW implementation 'rmw_fastrtps_cpp' as default
[1.896s] -- Found rclpy: 7.1.4 (/opt/ros/jazzy/share/rclpy/cmake)
[1.898s] -- Found nav_msgs: 5.3.6 (/opt/ros/jazzy/share/nav_msgs/cmake)
[2.046s] -- Found sensor_msgs: 5.3.6 (/opt/ros/jazzy/share/sensor_msgs/cmake)
[2.185s] -- Configuring done (2.2s)
[2.259s] -- Generating done (0.0s)
[2.266s] -- Build files have been written to: /home/ubuntu/rover_ws/build/rover_localization
[2.304s] [ 50%] Built target imu_republisher
[2.362s] [100%] Built target kalman_filter
[2.376s] Invoked command in '/home/ubuntu/rover_ws/build/rover_localization' returned '0': CMAKE_PREFIX_PATH=${CMAKE_PREFIX_PATH}:/opt/ros/jazzy DEBUGINFOD_URLS=https://debuginfod.ubuntu.com /usr/bin/cmake --build /home/ubuntu/rover_ws/build/rover_localization -- -j16 -l16
[2.376s] Invoking command in '/home/ubuntu/rover_ws/build/rover_localization': CMAKE_PREFIX_PATH=${CMAKE_PREFIX_PATH}:/opt/ros/jazzy DEBUGINFOD_URLS=https://debuginfod.ubuntu.com /usr/bin/cmake --install /home/ubuntu/rover_ws/build/rover_localization
[2.382s] -- Install configuration: ""
[2.382s] -- Up-to-date: /home/ubuntu/rover_ws/install/rover_localization/include/include
[2.382s] -- Up-to-date: /home/ubuntu/rover_ws/install/rover_localization/include/include/rover_localization
[2.382s] -- Up-to-date: /home/ubuntu/rover_ws/install/rover_localization/include/include/rover_localization/kalman_filter.hpp
[2.382s] -- Up-to-date: /home/ubuntu/rover_ws/install/rover_localization/lib/rover_localization/kalman_filter
[2.382s] -- Up-to-date: /home/ubuntu/rover_ws/install/rover_localization/lib/rover_localization/imu_republisher
[2.382s] -- Up-to-date: /home/ubuntu/rover_ws/install/rover_localization/share/rover_localization/launch
[2.382s] -- Up-to-date: /home/ubuntu/rover_ws/install/rover_localization/share/rover_localization/launch/local_localization.launch.py
[2.382s] -- Up-to-date: /home/ubuntu/rover_ws/install/rover_localization/share/rover_localization/config
[2.382s] -- Installing: /home/ubuntu/rover_ws/install/rover_localization/share/rover_localization/config/ekf.yaml
[2.382s] -- Up-to-date: /home/ubuntu/rover_ws/install/rover_localization/share/ament_index/resource_index/package_run_dependencies/rover_localization
[2.382s] -- Up-to-date: /home/ubuntu/rover_ws/install/rover_localization/share/ament_index/resource_index/parent_prefix_path/rover_localization
[2.383s] -- Up-to-date: /home/ubuntu/rover_ws/install/rover_localization/share/rover_localization/environment/ament_prefix_path.sh
[2.383s] -- Up-to-date: /home/ubuntu/rover_ws/install/rover_localization/share/rover_localization/environment/ament_prefix_path.dsv
[2.383s] -- Up-to-date: /home/ubuntu/rover_ws/install/rover_localization/share/rover_localization/environment/path.sh
[2.383s] -- Up-to-date: /home/ubuntu/rover_ws/install/rover_localization/share/rover_localization/environment/path.dsv
[2.383s] -- Up-to-date: /home/ubuntu/rover_ws/install/rover_localization/share/rover_localization/local_setup.bash
[2.383s] -- Up-to-date: /home/ubuntu/rover_ws/install/rover_localization/share/rover_localization/local_setup.sh
[2.383s] -- Up-to-date: /home/ubuntu/rover_ws/install/rover_localization/share/rover_localization/local_setup.zsh
[2.383s] -- Up-to-date: /home/ubuntu/rover_ws/install/rover_localization/share/rover_localization/local_setup.dsv
[2.383s] -- Installing: /home/ubuntu/rover_ws/install/rover_localization/share/rover_localization/package.dsv
[2.383s] -- Up-to-date: /home/ubuntu/rover_ws/install/rover_localization/share/ament_index/resource_index/packages/rover_localization
[2.383s] -- Up-to-date: /home/ubuntu/rover_ws/install/rover_localization/share/rover_localization/cmake/rover_localizationConfig.cmake
[2.383s] -- Up-to-date: /home/ubuntu/rover_ws/install/rover_localization/share/rover_localization/cmake/rover_localizationConfig-version.cmake
[2.383s] -- Up-to-date: /home/ubuntu/rover_ws/install/rover_localization/share/rover_localization/package.xml
[2.384s] Invoked command in '/home/ubuntu/rover_ws/build/rover_localization' returned '0': CMAKE_PREFIX_PATH=${CMAKE_PREFIX_PATH}:/opt/ros/jazzy DEBUGINFOD_URLS=https://debuginfod.ubuntu.com /usr/bin/cmake --install /home/ubuntu/rover_ws/build/rover_localization
