[0.022s] Invoking command in '/home/ubuntu/rover_ws/build/rover_localization': CMAKE_PREFIX_PATH=${CMAKE_PREFIX_PATH}:/opt/ros/jazzy DEBUGINFOD_URLS=https://debuginfod.ubuntu.com /usr/bin/cmake --build /home/ubuntu/rover_ws/build/rover_localization -- -j16 -l16
[0.461s] -- Found ament_cmake: 2.5.4 (/opt/ros/jazzy/share/ament_cmake/cmake)
[2.864s] -- Found rclcpp: 28.1.9 (/opt/ros/jazzy/share/rclcpp/cmake)
[4.507s] -- Found rosidl_generator_c: 4.6.5 (/opt/ros/jazzy/share/rosidl_generator_c/cmake)
[4.876s] -- Found rosidl_generator_cpp: 4.6.5 (/opt/ros/jazzy/share/rosidl_generator_cpp/cmake)
[5.338s] -- Using all available rosidl_typesupport_c: rosidl_typesupport_fastrtps_c;rosidl_typesupport_introspection_c
[5.709s] -- Using all available rosidl_typesupport_cpp: rosidl_typesupport_fastrtps_cpp;rosidl_typesupport_introspection_cpp
[6.341s] -- Found rmw_implementation_cmake: 7.3.2 (/opt/ros/jazzy/share/rmw_implementation_cmake/cmake)
[6.403s] -- Found rmw_fastrtps_cpp: 8.4.2 (/opt/ros/jazzy/share/rmw_fastrtps_cpp/cmake)
[6.904s] -- Using RMW implementation 'rmw_fastrtps_cpp' as default
[7.072s] -- Found rclpy: 7.1.4 (/opt/ros/jazzy/share/rclpy/cmake)
[7.102s] -- Found std_msgs: 5.3.6 (/opt/ros/jazzy/share/std_msgs/cmake)
[7.122s] -- Found PkgConfig: /usr/bin/pkg-config (found version "1.8.1") 
[7.129s] -- Found nav_msgs: 5.3.6 (/opt/ros/jazzy/share/nav_msgs/cmake)
[7.226s] -- Found sensor_msgs: 5.3.6 (/opt/ros/jazzy/share/sensor_msgs/cmake)
[7.247s] -- Checking for module 'libserial'
[16.154s] --   Package 'libserial', required by 'virtual:world', not found
[16.230s] [31mCMake Error at /opt/ros/jazzy/share/ament_cmake_python/cmake/ament_python_install_package.cmake:66 (message):
[16.230s]   ament_python_install_package() the Python package folder
[16.230s]   '/home/ubuntu/rover_ws/src/rover_localization/rover_localization' doesn't
[16.230s]   contain an '__init__.py' file
[16.230s] Call Stack (most recent call first):
[16.230s]   /opt/ros/jazzy/share/ament_cmake_python/cmake/ament_python_install_package.cmake:39 (_ament_cmake_python_install_package)
[16.230s]   CMakeLists.txt:19 (ament_python_install_package)
[16.230s] 
[16.230s] [0m
[16.230s] -- Configuring incomplete, errors occurred!
[16.235s] gmake: *** [Makefile:308: cmake_check_build_system] Error 1
[16.237s] Invoked command in '/home/ubuntu/rover_ws/build/rover_localization' returned '2': CMAKE_PREFIX_PATH=${CMAKE_PREFIX_PATH}:/opt/ros/jazzy DEBUGINFOD_URLS=https://debuginfod.ubuntu.com /usr/bin/cmake --build /home/ubuntu/rover_ws/build/rover_localization -- -j16 -l16
