[7.290s] DEBUG:colcon:Command line arguments: ['/usr/bin/colcon', 'build']
[7.290s] DEBUG:colcon:Parsed command line arguments: Namespace(log_base=None, log_level=None, verb_name='build', build_base='build', install_base='install', merge_install=False, symlink_install=False, test_result_base=None, continue_on_error=False, executor='parallel', parallel_workers=16, event_handlers=None, ignore_user_meta=False, metas=['./colcon.meta'], base_paths=['.'], packages_ignore=None, packages_ignore_regex=None, paths=None, packages_up_to=None, packages_up_to_regex=None, packages_above=None, packages_above_and_dependencies=None, packages_above_depth=None, packages_select_by_dep=None, packages_skip_by_dep=None, packages_skip_up_to=None, packages_select_build_failed=False, packages_skip_build_finished=False, packages_select_test_failures=False, packages_skip_test_passed=False, packages_select=None, packages_skip=None, packages_select_regex=None, packages_skip_regex=None, packages_start=None, packages_end=None, allow_overriding=[], cmake_args=None, cmake_target=None, cmake_target_skip_unavailable=False, cmake_clean_cache=False, cmake_clean_first=False, cmake_force_configure=False, ament_cmake_args=None, catkin_cmake_args=None, catkin_skip_building_tests=False, mixin_files=None, mixin=None, verb_parser=<colcon_mixin.mixin.mixin_argument.MixinArgumentDecorator object at 0x75d3b1b9a270>, verb_extension=<colcon_core.verb.build.BuildVerb object at 0x75d3b1b99d60>, main=<bound method BuildVerb.main of <colcon_core.verb.build.BuildVerb object at 0x75d3b1b99d60>>, mixin_verb=('build',))
[7.427s] Level 1:colcon.colcon_core.package_discovery:discover_packages(colcon_meta) check parameters
[7.427s] Level 1:colcon.colcon_core.package_discovery:discover_packages(recursive) check parameters
[7.427s] Level 1:colcon.colcon_core.package_discovery:discover_packages(ignore) check parameters
[7.427s] Level 1:colcon.colcon_core.package_discovery:discover_packages(path) check parameters
[7.427s] Level 1:colcon.colcon_core.package_discovery:discover_packages(colcon_meta) discover
[7.427s] Level 1:colcon.colcon_core.package_discovery:discover_packages(recursive) discover
[7.427s] INFO:colcon.colcon_core.package_discovery:Crawling recursively for packages in '/home/ubuntu/rover_ws'
[7.427s] Level 1:colcon.colcon_core.package_identification:_identify(.) by extensions ['ignore', 'ignore_ament_install']
[7.427s] Level 1:colcon.colcon_core.package_identification:_identify(.) by extension 'ignore'
[7.427s] Level 1:colcon.colcon_core.package_identification:_identify(.) by extension 'ignore_ament_install'
[7.427s] Level 1:colcon.colcon_core.package_identification:_identify(.) by extensions ['colcon_pkg']
[7.427s] Level 1:colcon.colcon_core.package_identification:_identify(.) by extension 'colcon_pkg'
[7.427s] Level 1:colcon.colcon_core.package_identification:_identify(.) by extensions ['colcon_meta']
[7.427s] Level 1:colcon.colcon_core.package_identification:_identify(.) by extension 'colcon_meta'
[7.427s] Level 1:colcon.colcon_core.package_identification:_identify(.) by extensions ['ros']
[7.427s] Level 1:colcon.colcon_core.package_identification:_identify(.) by extension 'ros'
[7.443s] Level 1:colcon.colcon_core.package_identification:_identify(.) by extensions ['cmake', 'python']
[7.443s] Level 1:colcon.colcon_core.package_identification:_identify(.) by extension 'cmake'
[7.443s] Level 1:colcon.colcon_core.package_identification:_identify(.) by extension 'python'
[7.443s] Level 1:colcon.colcon_core.package_identification:_identify(.) by extensions ['python_setup_py']
[7.443s] Level 1:colcon.colcon_core.package_identification:_identify(.) by extension 'python_setup_py'
[7.443s] Level 1:colcon.colcon_core.package_identification:_identify(build) by extensions ['ignore', 'ignore_ament_install']
[7.444s] Level 1:colcon.colcon_core.package_identification:_identify(build) by extension 'ignore'
[7.444s] Level 1:colcon.colcon_core.package_identification:_identify(build) ignored
[7.444s] Level 1:colcon.colcon_core.package_identification:_identify(install) by extensions ['ignore', 'ignore_ament_install']
[7.444s] Level 1:colcon.colcon_core.package_identification:_identify(install) by extension 'ignore'
[7.444s] Level 1:colcon.colcon_core.package_identification:_identify(install) ignored
[7.444s] Level 1:colcon.colcon_core.package_identification:_identify(log) by extensions ['ignore', 'ignore_ament_install']
[7.444s] Level 1:colcon.colcon_core.package_identification:_identify(log) by extension 'ignore'
[7.444s] Level 1:colcon.colcon_core.package_identification:_identify(log) ignored
[7.444s] Level 1:colcon.colcon_core.package_identification:_identify(src) by extensions ['ignore', 'ignore_ament_install']
[7.444s] Level 1:colcon.colcon_core.package_identification:_identify(src) by extension 'ignore'
[7.444s] Level 1:colcon.colcon_core.package_identification:_identify(src) by extension 'ignore_ament_install'
[7.444s] Level 1:colcon.colcon_core.package_identification:_identify(src) by extensions ['colcon_pkg']
[7.444s] Level 1:colcon.colcon_core.package_identification:_identify(src) by extension 'colcon_pkg'
[7.444s] Level 1:colcon.colcon_core.package_identification:_identify(src) by extensions ['colcon_meta']
[7.444s] Level 1:colcon.colcon_core.package_identification:_identify(src) by extension 'colcon_meta'
[7.444s] Level 1:colcon.colcon_core.package_identification:_identify(src) by extensions ['ros']
[7.444s] Level 1:colcon.colcon_core.package_identification:_identify(src) by extension 'ros'
[7.444s] Level 1:colcon.colcon_core.package_identification:_identify(src) by extensions ['cmake', 'python']
[7.444s] Level 1:colcon.colcon_core.package_identification:_identify(src) by extension 'cmake'
[7.444s] Level 1:colcon.colcon_core.package_identification:_identify(src) by extension 'python'
[7.444s] Level 1:colcon.colcon_core.package_identification:_identify(src) by extensions ['python_setup_py']
[7.444s] Level 1:colcon.colcon_core.package_identification:_identify(src) by extension 'python_setup_py'
[7.445s] Level 1:colcon.colcon_core.package_identification:_identify(src/build) by extensions ['ignore', 'ignore_ament_install']
[7.445s] Level 1:colcon.colcon_core.package_identification:_identify(src/build) by extension 'ignore'
[7.445s] Level 1:colcon.colcon_core.package_identification:_identify(src/build) ignored
[7.445s] Level 1:colcon.colcon_core.package_identification:_identify(src/halleffect_controller) by extensions ['ignore', 'ignore_ament_install']
[7.445s] Level 1:colcon.colcon_core.package_identification:_identify(src/halleffect_controller) by extension 'ignore'
[7.445s] Level 1:colcon.colcon_core.package_identification:_identify(src/halleffect_controller) by extension 'ignore_ament_install'
[7.445s] Level 1:colcon.colcon_core.package_identification:_identify(src/halleffect_controller) by extensions ['colcon_pkg']
[7.445s] Level 1:colcon.colcon_core.package_identification:_identify(src/halleffect_controller) by extension 'colcon_pkg'
[7.445s] Level 1:colcon.colcon_core.package_identification:_identify(src/halleffect_controller) by extensions ['colcon_meta']
[7.445s] Level 1:colcon.colcon_core.package_identification:_identify(src/halleffect_controller) by extension 'colcon_meta'
[7.445s] Level 1:colcon.colcon_core.package_identification:_identify(src/halleffect_controller) by extensions ['ros']
[7.445s] Level 1:colcon.colcon_core.package_identification:_identify(src/halleffect_controller) by extension 'ros'
[7.447s] DEBUG:colcon.colcon_core.package_identification:Package 'src/halleffect_controller' with type 'ros.ament_cmake' and name 'halleffect_controller'
[7.447s] Level 1:colcon.colcon_core.package_identification:_identify(src/install) by extensions ['ignore', 'ignore_ament_install']
[7.447s] Level 1:colcon.colcon_core.package_identification:_identify(src/install) by extension 'ignore'
[7.447s] Level 1:colcon.colcon_core.package_identification:_identify(src/install) ignored
[7.447s] Level 1:colcon.colcon_core.package_identification:_identify(src/log) by extensions ['ignore', 'ignore_ament_install']
[7.447s] Level 1:colcon.colcon_core.package_identification:_identify(src/log) by extension 'ignore'
[7.447s] Level 1:colcon.colcon_core.package_identification:_identify(src/log) ignored
[7.447s] Level 1:colcon.colcon_core.package_identification:_identify(src/rover_description) by extensions ['ignore', 'ignore_ament_install']
[7.447s] Level 1:colcon.colcon_core.package_identification:_identify(src/rover_description) by extension 'ignore'
[7.447s] Level 1:colcon.colcon_core.package_identification:_identify(src/rover_description) by extension 'ignore_ament_install'
[7.447s] Level 1:colcon.colcon_core.package_identification:_identify(src/rover_description) by extensions ['colcon_pkg']
[7.447s] Level 1:colcon.colcon_core.package_identification:_identify(src/rover_description) by extension 'colcon_pkg'
[7.447s] Level 1:colcon.colcon_core.package_identification:_identify(src/rover_description) by extensions ['colcon_meta']
[7.447s] Level 1:colcon.colcon_core.package_identification:_identify(src/rover_description) by extension 'colcon_meta'
[7.447s] Level 1:colcon.colcon_core.package_identification:_identify(src/rover_description) by extensions ['ros']
[7.447s] Level 1:colcon.colcon_core.package_identification:_identify(src/rover_description) by extension 'ros'
[7.449s] DEBUG:colcon.colcon_core.package_identification:Package 'src/rover_description' with type 'ros.ament_cmake' and name 'rover_description'
[7.449s] Level 1:colcon.colcon_core.package_identification:_identify(src/rover_localization) by extensions ['ignore', 'ignore_ament_install']
[7.449s] Level 1:colcon.colcon_core.package_identification:_identify(src/rover_localization) by extension 'ignore'
[7.449s] Level 1:colcon.colcon_core.package_identification:_identify(src/rover_localization) by extension 'ignore_ament_install'
[7.449s] Level 1:colcon.colcon_core.package_identification:_identify(src/rover_localization) by extensions ['colcon_pkg']
[7.449s] Level 1:colcon.colcon_core.package_identification:_identify(src/rover_localization) by extension 'colcon_pkg'
[7.449s] Level 1:colcon.colcon_core.package_identification:_identify(src/rover_localization) by extensions ['colcon_meta']
[7.449s] Level 1:colcon.colcon_core.package_identification:_identify(src/rover_localization) by extension 'colcon_meta'
[7.449s] Level 1:colcon.colcon_core.package_identification:_identify(src/rover_localization) by extensions ['ros']
[7.449s] Level 1:colcon.colcon_core.package_identification:_identify(src/rover_localization) by extension 'ros'
[7.450s] DEBUG:colcon.colcon_core.package_identification:Package 'src/rover_localization' with type 'ros.ament_cmake' and name 'rover_localization'
[7.450s] Level 1:colcon.colcon_core.package_identification:_identify(src/rover_utils) by extensions ['ignore', 'ignore_ament_install']
[7.450s] Level 1:colcon.colcon_core.package_identification:_identify(src/rover_utils) by extension 'ignore'
[7.450s] Level 1:colcon.colcon_core.package_identification:_identify(src/rover_utils) by extension 'ignore_ament_install'
[7.450s] Level 1:colcon.colcon_core.package_identification:_identify(src/rover_utils) by extensions ['colcon_pkg']
[7.450s] Level 1:colcon.colcon_core.package_identification:_identify(src/rover_utils) by extension 'colcon_pkg'
[7.450s] Level 1:colcon.colcon_core.package_identification:_identify(src/rover_utils) by extensions ['colcon_meta']
[7.450s] Level 1:colcon.colcon_core.package_identification:_identify(src/rover_utils) by extension 'colcon_meta'
[7.450s] Level 1:colcon.colcon_core.package_identification:_identify(src/rover_utils) by extensions ['ros']
[7.450s] Level 1:colcon.colcon_core.package_identification:_identify(src/rover_utils) by extension 'ros'
[7.450s] DEBUG:colcon.colcon_core.package_identification:Package 'src/rover_utils' with type 'ros.ament_cmake' and name 'rover_utils'
[7.451s] Level 1:colcon.colcon_core.package_identification:_identify(src/urdf_tutorial_cpp) by extensions ['ignore', 'ignore_ament_install']
[7.451s] Level 1:colcon.colcon_core.package_identification:_identify(src/urdf_tutorial_cpp) by extension 'ignore'
[7.451s] Level 1:colcon.colcon_core.package_identification:_identify(src/urdf_tutorial_cpp) by extension 'ignore_ament_install'
[7.451s] Level 1:colcon.colcon_core.package_identification:_identify(src/urdf_tutorial_cpp) by extensions ['colcon_pkg']
[7.451s] Level 1:colcon.colcon_core.package_identification:_identify(src/urdf_tutorial_cpp) by extension 'colcon_pkg'
[7.451s] Level 1:colcon.colcon_core.package_identification:_identify(src/urdf_tutorial_cpp) by extensions ['colcon_meta']
[7.451s] Level 1:colcon.colcon_core.package_identification:_identify(src/urdf_tutorial_cpp) by extension 'colcon_meta'
[7.451s] Level 1:colcon.colcon_core.package_identification:_identify(src/urdf_tutorial_cpp) by extensions ['ros']
[7.451s] Level 1:colcon.colcon_core.package_identification:_identify(src/urdf_tutorial_cpp) by extension 'ros'
[7.451s] DEBUG:colcon.colcon_core.package_identification:Package 'src/urdf_tutorial_cpp' with type 'ros.ament_cmake' and name 'urdf_tutorial_cpp'
[7.451s] Level 1:colcon.colcon_core.package_discovery:discover_packages(recursive) using defaults
[7.451s] Level 1:colcon.colcon_core.package_discovery:discover_packages(ignore) discover
[7.451s] Level 1:colcon.colcon_core.package_discovery:discover_packages(ignore) using defaults
[7.451s] Level 1:colcon.colcon_core.package_discovery:discover_packages(path) discover
[7.451s] Level 1:colcon.colcon_core.package_discovery:discover_packages(path) using defaults
[7.531s] Level 1:colcon.colcon_core.package_discovery:discover_packages(prefix_path) check parameters
[7.531s] Level 1:colcon.colcon_core.package_discovery:discover_packages(prefix_path) discover
[7.797s] DEBUG:colcon.colcon_installed_package_information.package_discovery:Found 8 installed packages in /home/ubuntu/ros2_ws/install
[7.799s] DEBUG:colcon.colcon_installed_package_information.package_discovery:Found 435 installed packages in /opt/ros/jazzy
[7.801s] Level 1:colcon.colcon_core.package_discovery:discover_packages(prefix_path) using defaults
[10.753s] Level 5:colcon.colcon_core.verb:set package 'halleffect_controller' build argument 'cmake_args' from command line to 'None'
[10.753s] Level 5:colcon.colcon_core.verb:set package 'halleffect_controller' build argument 'cmake_target' from command line to 'None'
[10.753s] Level 5:colcon.colcon_core.verb:set package 'halleffect_controller' build argument 'cmake_target_skip_unavailable' from command line to 'False'
[10.754s] Level 5:colcon.colcon_core.verb:set package 'halleffect_controller' build argument 'cmake_clean_cache' from command line to 'False'
[10.754s] Level 5:colcon.colcon_core.verb:set package 'halleffect_controller' build argument 'cmake_clean_first' from command line to 'False'
[10.754s] Level 5:colcon.colcon_core.verb:set package 'halleffect_controller' build argument 'cmake_force_configure' from command line to 'False'
[10.754s] Level 5:colcon.colcon_core.verb:set package 'halleffect_controller' build argument 'ament_cmake_args' from command line to 'None'
[10.754s] Level 5:colcon.colcon_core.verb:set package 'halleffect_controller' build argument 'catkin_cmake_args' from command line to 'None'
[10.754s] Level 5:colcon.colcon_core.verb:set package 'halleffect_controller' build argument 'catkin_skip_building_tests' from command line to 'False'
[10.754s] DEBUG:colcon.colcon_core.verb:Building package 'halleffect_controller' with the following arguments: {'ament_cmake_args': None, 'build_base': '/home/ubuntu/rover_ws/build/halleffect_controller', 'catkin_cmake_args': None, 'catkin_skip_building_tests': False, 'cmake_args': None, 'cmake_clean_cache': False, 'cmake_clean_first': False, 'cmake_force_configure': False, 'cmake_target': None, 'cmake_target_skip_unavailable': False, 'install_base': '/home/ubuntu/rover_ws/install/halleffect_controller', 'merge_install': False, 'path': '/home/ubuntu/rover_ws/src/halleffect_controller', 'symlink_install': False, 'test_result_base': None}
[10.754s] Level 5:colcon.colcon_core.verb:set package 'rover_description' build argument 'cmake_args' from command line to 'None'
[10.754s] Level 5:colcon.colcon_core.verb:set package 'rover_description' build argument 'cmake_target' from command line to 'None'
[10.754s] Level 5:colcon.colcon_core.verb:set package 'rover_description' build argument 'cmake_target_skip_unavailable' from command line to 'False'
[10.754s] Level 5:colcon.colcon_core.verb:set package 'rover_description' build argument 'cmake_clean_cache' from command line to 'False'
[10.754s] Level 5:colcon.colcon_core.verb:set package 'rover_description' build argument 'cmake_clean_first' from command line to 'False'
[10.754s] Level 5:colcon.colcon_core.verb:set package 'rover_description' build argument 'cmake_force_configure' from command line to 'False'
[10.754s] Level 5:colcon.colcon_core.verb:set package 'rover_description' build argument 'ament_cmake_args' from command line to 'None'
[10.754s] Level 5:colcon.colcon_core.verb:set package 'rover_description' build argument 'catkin_cmake_args' from command line to 'None'
[10.754s] Level 5:colcon.colcon_core.verb:set package 'rover_description' build argument 'catkin_skip_building_tests' from command line to 'False'
[10.754s] DEBUG:colcon.colcon_core.verb:Building package 'rover_description' with the following arguments: {'ament_cmake_args': None, 'build_base': '/home/ubuntu/rover_ws/build/rover_description', 'catkin_cmake_args': None, 'catkin_skip_building_tests': False, 'cmake_args': None, 'cmake_clean_cache': False, 'cmake_clean_first': False, 'cmake_force_configure': False, 'cmake_target': None, 'cmake_target_skip_unavailable': False, 'install_base': '/home/ubuntu/rover_ws/install/rover_description', 'merge_install': False, 'path': '/home/ubuntu/rover_ws/src/rover_description', 'symlink_install': False, 'test_result_base': None}
[10.754s] Level 5:colcon.colcon_core.verb:set package 'rover_localization' build argument 'cmake_args' from command line to 'None'
[10.754s] Level 5:colcon.colcon_core.verb:set package 'rover_localization' build argument 'cmake_target' from command line to 'None'
[10.754s] Level 5:colcon.colcon_core.verb:set package 'rover_localization' build argument 'cmake_target_skip_unavailable' from command line to 'False'
[10.754s] Level 5:colcon.colcon_core.verb:set package 'rover_localization' build argument 'cmake_clean_cache' from command line to 'False'
[10.754s] Level 5:colcon.colcon_core.verb:set package 'rover_localization' build argument 'cmake_clean_first' from command line to 'False'
[10.754s] Level 5:colcon.colcon_core.verb:set package 'rover_localization' build argument 'cmake_force_configure' from command line to 'False'
[10.754s] Level 5:colcon.colcon_core.verb:set package 'rover_localization' build argument 'ament_cmake_args' from command line to 'None'
[10.754s] Level 5:colcon.colcon_core.verb:set package 'rover_localization' build argument 'catkin_cmake_args' from command line to 'None'
[10.754s] Level 5:colcon.colcon_core.verb:set package 'rover_localization' build argument 'catkin_skip_building_tests' from command line to 'False'
[10.754s] DEBUG:colcon.colcon_core.verb:Building package 'rover_localization' with the following arguments: {'ament_cmake_args': None, 'build_base': '/home/ubuntu/rover_ws/build/rover_localization', 'catkin_cmake_args': None, 'catkin_skip_building_tests': False, 'cmake_args': None, 'cmake_clean_cache': False, 'cmake_clean_first': False, 'cmake_force_configure': False, 'cmake_target': None, 'cmake_target_skip_unavailable': False, 'install_base': '/home/ubuntu/rover_ws/install/rover_localization', 'merge_install': False, 'path': '/home/ubuntu/rover_ws/src/rover_localization', 'symlink_install': False, 'test_result_base': None}
[10.754s] Level 5:colcon.colcon_core.verb:set package 'rover_utils' build argument 'cmake_args' from command line to 'None'
[10.754s] Level 5:colcon.colcon_core.verb:set package 'rover_utils' build argument 'cmake_target' from command line to 'None'
[10.754s] Level 5:colcon.colcon_core.verb:set package 'rover_utils' build argument 'cmake_target_skip_unavailable' from command line to 'False'
[10.754s] Level 5:colcon.colcon_core.verb:set package 'rover_utils' build argument 'cmake_clean_cache' from command line to 'False'
[10.755s] Level 5:colcon.colcon_core.verb:set package 'rover_utils' build argument 'cmake_clean_first' from command line to 'False'
[10.755s] Level 5:colcon.colcon_core.verb:set package 'rover_utils' build argument 'cmake_force_configure' from command line to 'False'
[10.755s] Level 5:colcon.colcon_core.verb:set package 'rover_utils' build argument 'ament_cmake_args' from command line to 'None'
[10.755s] Level 5:colcon.colcon_core.verb:set package 'rover_utils' build argument 'catkin_cmake_args' from command line to 'None'
[10.755s] Level 5:colcon.colcon_core.verb:set package 'rover_utils' build argument 'catkin_skip_building_tests' from command line to 'False'
[10.755s] DEBUG:colcon.colcon_core.verb:Building package 'rover_utils' with the following arguments: {'ament_cmake_args': None, 'build_base': '/home/ubuntu/rover_ws/build/rover_utils', 'catkin_cmake_args': None, 'catkin_skip_building_tests': False, 'cmake_args': None, 'cmake_clean_cache': False, 'cmake_clean_first': False, 'cmake_force_configure': False, 'cmake_target': None, 'cmake_target_skip_unavailable': False, 'install_base': '/home/ubuntu/rover_ws/install/rover_utils', 'merge_install': False, 'path': '/home/ubuntu/rover_ws/src/rover_utils', 'symlink_install': False, 'test_result_base': None}
[10.755s] Level 5:colcon.colcon_core.verb:set package 'urdf_tutorial_cpp' build argument 'cmake_args' from command line to 'None'
[10.755s] Level 5:colcon.colcon_core.verb:set package 'urdf_tutorial_cpp' build argument 'cmake_target' from command line to 'None'
[10.755s] Level 5:colcon.colcon_core.verb:set package 'urdf_tutorial_cpp' build argument 'cmake_target_skip_unavailable' from command line to 'False'
[10.755s] Level 5:colcon.colcon_core.verb:set package 'urdf_tutorial_cpp' build argument 'cmake_clean_cache' from command line to 'False'
[10.755s] Level 5:colcon.colcon_core.verb:set package 'urdf_tutorial_cpp' build argument 'cmake_clean_first' from command line to 'False'
[10.755s] Level 5:colcon.colcon_core.verb:set package 'urdf_tutorial_cpp' build argument 'cmake_force_configure' from command line to 'False'
[10.755s] Level 5:colcon.colcon_core.verb:set package 'urdf_tutorial_cpp' build argument 'ament_cmake_args' from command line to 'None'
[10.755s] Level 5:colcon.colcon_core.verb:set package 'urdf_tutorial_cpp' build argument 'catkin_cmake_args' from command line to 'None'
[10.755s] Level 5:colcon.colcon_core.verb:set package 'urdf_tutorial_cpp' build argument 'catkin_skip_building_tests' from command line to 'False'
[10.755s] DEBUG:colcon.colcon_core.verb:Building package 'urdf_tutorial_cpp' with the following arguments: {'ament_cmake_args': None, 'build_base': '/home/ubuntu/rover_ws/build/urdf_tutorial_cpp', 'catkin_cmake_args': None, 'catkin_skip_building_tests': False, 'cmake_args': None, 'cmake_clean_cache': False, 'cmake_clean_first': False, 'cmake_force_configure': False, 'cmake_target': None, 'cmake_target_skip_unavailable': False, 'install_base': '/home/ubuntu/rover_ws/install/urdf_tutorial_cpp', 'merge_install': False, 'path': '/home/ubuntu/rover_ws/src/urdf_tutorial_cpp', 'symlink_install': False, 'test_result_base': None}
[10.755s] INFO:colcon.colcon_core.executor:Executing jobs using 'parallel' executor
[10.756s] DEBUG:colcon.colcon_parallel_executor.executor.parallel:run_until_complete
[10.756s] INFO:colcon.colcon_ros.task.ament_cmake.build:Building ROS package in '/home/ubuntu/rover_ws/src/halleffect_controller' with build type 'ament_cmake'
[10.756s] INFO:colcon.colcon_cmake.task.cmake.build:Building CMake package in '/home/ubuntu/rover_ws/src/halleffect_controller'
[11.183s] INFO:colcon.colcon_core.plugin_system:Skipping extension 'colcon_core.shell.bat': Not used on non-Windows systems
[11.183s] INFO:colcon.colcon_core.shell:Skip shell extension 'powershell' for command environment: Not usable outside of PowerShell
[11.184s] DEBUG:colcon.colcon_core.shell:Skip shell extension 'dsv' for command environment
[11.230s] INFO:colcon.colcon_ros.task.ament_cmake.build:Building ROS package in '/home/ubuntu/rover_ws/src/rover_description' with build type 'ament_cmake'
[11.230s] INFO:colcon.colcon_cmake.task.cmake.build:Building CMake package in '/home/ubuntu/rover_ws/src/rover_description'
[11.230s] INFO:colcon.colcon_core.shell:Skip shell extension 'powershell' for command environment: Not usable outside of PowerShell
[11.230s] DEBUG:colcon.colcon_core.shell:Skip shell extension 'dsv' for command environment
[11.234s] INFO:colcon.colcon_ros.task.ament_cmake.build:Building ROS package in '/home/ubuntu/rover_ws/src/rover_localization' with build type 'ament_cmake'
[11.235s] INFO:colcon.colcon_cmake.task.cmake.build:Building CMake package in '/home/ubuntu/rover_ws/src/rover_localization'
[11.235s] INFO:colcon.colcon_core.shell:Skip shell extension 'powershell' for command environment: Not usable outside of PowerShell
[11.235s] DEBUG:colcon.colcon_core.shell:Skip shell extension 'dsv' for command environment
[11.240s] INFO:colcon.colcon_ros.task.ament_cmake.build:Building ROS package in '/home/ubuntu/rover_ws/src/rover_utils' with build type 'ament_cmake'
[11.240s] INFO:colcon.colcon_cmake.task.cmake.build:Building CMake package in '/home/ubuntu/rover_ws/src/rover_utils'
[11.240s] INFO:colcon.colcon_core.shell:Skip shell extension 'powershell' for command environment: Not usable outside of PowerShell
[11.240s] DEBUG:colcon.colcon_core.shell:Skip shell extension 'dsv' for command environment
[11.243s] INFO:colcon.colcon_ros.task.ament_cmake.build:Building ROS package in '/home/ubuntu/rover_ws/src/urdf_tutorial_cpp' with build type 'ament_cmake'
[11.243s] INFO:colcon.colcon_cmake.task.cmake.build:Building CMake package in '/home/ubuntu/rover_ws/src/urdf_tutorial_cpp'
[11.243s] INFO:colcon.colcon_core.shell:Skip shell extension 'powershell' for command environment: Not usable outside of PowerShell
[11.243s] DEBUG:colcon.colcon_core.shell:Skip shell extension 'dsv' for command environment
[11.333s] DEBUG:colcon.colcon_core.event_handler.log_command:Invoking command in '/home/ubuntu/rover_ws/build/halleffect_controller': CMAKE_PREFIX_PATH=${CMAKE_PREFIX_PATH}:/opt/ros/jazzy DEBUGINFOD_URLS=https://debuginfod.ubuntu.com /usr/bin/cmake --build /home/ubuntu/rover_ws/build/halleffect_controller -- -j16 -l16
[11.362s] DEBUG:colcon.colcon_core.event_handler.log_command:Invoking command in '/home/ubuntu/rover_ws/build/rover_description': CMAKE_PREFIX_PATH=${CMAKE_PREFIX_PATH}:/opt/ros/jazzy DEBUGINFOD_URLS=https://debuginfod.ubuntu.com /usr/bin/cmake --build /home/ubuntu/rover_ws/build/rover_description -- -j16 -l16
[11.505s] DEBUG:colcon.colcon_core.event_handler.log_command:Invoking command in '/home/ubuntu/rover_ws/build/rover_localization': CMAKE_PREFIX_PATH=${CMAKE_PREFIX_PATH}:/opt/ros/jazzy DEBUGINFOD_URLS=https://debuginfod.ubuntu.com /usr/bin/cmake --build /home/ubuntu/rover_ws/build/rover_localization -- -j16 -l16
[11.694s] DEBUG:colcon.colcon_core.event_handler.log_command:Invoking command in '/home/ubuntu/rover_ws/build/rover_utils': CMAKE_PREFIX_PATH=${CMAKE_PREFIX_PATH}:/opt/ros/jazzy DEBUGINFOD_URLS=https://debuginfod.ubuntu.com /usr/bin/cmake --build /home/ubuntu/rover_ws/build/rover_utils -- -j16 -l16
[11.925s] DEBUG:colcon.colcon_core.event_handler.log_command:Invoking command in '/home/ubuntu/rover_ws/build/urdf_tutorial_cpp': CMAKE_PREFIX_PATH=${CMAKE_PREFIX_PATH}:/opt/ros/jazzy DEBUGINFOD_URLS=https://debuginfod.ubuntu.com /usr/bin/cmake --build /home/ubuntu/rover_ws/build/urdf_tutorial_cpp -- -j16 -l16
[13.722s] DEBUG:colcon.colcon_core.event_handler.log_command:Invoked command in '/home/ubuntu/rover_ws/build/rover_description' returned '0': CMAKE_PREFIX_PATH=${CMAKE_PREFIX_PATH}:/opt/ros/jazzy DEBUGINFOD_URLS=https://debuginfod.ubuntu.com /usr/bin/cmake --build /home/ubuntu/rover_ws/build/rover_description -- -j16 -l16
[13.864s] DEBUG:colcon.colcon_core.event_handler.log_command:Invoking command in '/home/ubuntu/rover_ws/build/rover_description': CMAKE_PREFIX_PATH=${CMAKE_PREFIX_PATH}:/opt/ros/jazzy DEBUGINFOD_URLS=https://debuginfod.ubuntu.com /usr/bin/cmake --install /home/ubuntu/rover_ws/build/rover_description
[14.362s] Level 1:colcon.colcon_core.environment:create_environment_scripts_only(rover_description)
[14.363s] DEBUG:colcon.colcon_core.event_handler.log_command:Invoked command in '/home/ubuntu/rover_ws/build/rover_description' returned '0': CMAKE_PREFIX_PATH=${CMAKE_PREFIX_PATH}:/opt/ros/jazzy DEBUGINFOD_URLS=https://debuginfod.ubuntu.com /usr/bin/cmake --install /home/ubuntu/rover_ws/build/rover_description
[15.042s] Level 1:colcon.colcon_core.environment:checking '/home/ubuntu/rover_ws/install/rover_description' for CMake module files
[15.043s] Level 1:colcon.colcon_core.environment:checking '/home/ubuntu/rover_ws/install/rover_description' for CMake config files
[15.044s] Level 1:colcon.colcon_core.shell:create_environment_hook('rover_description', 'cmake_prefix_path')
[15.044s] INFO:colcon.colcon_core.shell:Creating environment hook '/home/ubuntu/rover_ws/install/rover_description/share/rover_description/hook/cmake_prefix_path.ps1'
[15.096s] INFO:colcon.colcon_core.shell:Creating environment descriptor '/home/ubuntu/rover_ws/install/rover_description/share/rover_description/hook/cmake_prefix_path.dsv'
[15.138s] INFO:colcon.colcon_core.shell:Creating environment hook '/home/ubuntu/rover_ws/install/rover_description/share/rover_description/hook/cmake_prefix_path.sh'
[15.189s] Level 1:colcon.colcon_core.environment:checking '/home/ubuntu/rover_ws/install/rover_description/bin'
[15.189s] Level 1:colcon.colcon_core.environment:checking '/home/ubuntu/rover_ws/install/rover_description/lib/pkgconfig/rover_description.pc'
[15.190s] Level 1:colcon.colcon_core.environment:checking '/home/ubuntu/rover_ws/install/rover_description/lib/python3.12/site-packages'
[15.190s] Level 1:colcon.colcon_core.environment:checking '/home/ubuntu/rover_ws/install/rover_description/bin'
[15.191s] INFO:colcon.colcon_core.shell:Creating package script '/home/ubuntu/rover_ws/install/rover_description/share/rover_description/package.ps1'
[15.279s] INFO:colcon.colcon_core.shell:Creating package descriptor '/home/ubuntu/rover_ws/install/rover_description/share/rover_description/package.dsv'
[15.318s] INFO:colcon.colcon_core.shell:Creating package script '/home/ubuntu/rover_ws/install/rover_description/share/rover_description/package.sh'
[15.328s] INFO:colcon.colcon_core.shell:Creating package script '/home/ubuntu/rover_ws/install/rover_description/share/rover_description/package.bash'
[15.410s] INFO:colcon.colcon_core.shell:Creating package script '/home/ubuntu/rover_ws/install/rover_description/share/rover_description/package.zsh'
[15.527s] Level 1:colcon.colcon_core.environment:create_file_with_runtime_dependencies(/home/ubuntu/rover_ws/install/rover_description/share/colcon-core/packages/rover_description)
[15.528s] Level 1:colcon.colcon_core.environment:create_environment_scripts_only(rover_description)
[15.529s] Level 1:colcon.colcon_core.environment:checking '/home/ubuntu/rover_ws/install/rover_description' for CMake module files
[15.530s] Level 1:colcon.colcon_core.environment:checking '/home/ubuntu/rover_ws/install/rover_description' for CMake config files
[15.531s] Level 1:colcon.colcon_core.shell:create_environment_hook('rover_description', 'cmake_prefix_path')
[15.531s] INFO:colcon.colcon_core.shell:Creating environment hook '/home/ubuntu/rover_ws/install/rover_description/share/rover_description/hook/cmake_prefix_path.ps1'
[15.532s] INFO:colcon.colcon_core.shell:Creating environment descriptor '/home/ubuntu/rover_ws/install/rover_description/share/rover_description/hook/cmake_prefix_path.dsv'
[15.533s] INFO:colcon.colcon_core.shell:Creating environment hook '/home/ubuntu/rover_ws/install/rover_description/share/rover_description/hook/cmake_prefix_path.sh'
[15.535s] Level 1:colcon.colcon_core.environment:checking '/home/ubuntu/rover_ws/install/rover_description/bin'
[15.535s] Level 1:colcon.colcon_core.environment:checking '/home/ubuntu/rover_ws/install/rover_description/lib/pkgconfig/rover_description.pc'
[15.536s] Level 1:colcon.colcon_core.environment:checking '/home/ubuntu/rover_ws/install/rover_description/lib/python3.12/site-packages'
[15.537s] Level 1:colcon.colcon_core.environment:checking '/home/ubuntu/rover_ws/install/rover_description/bin'
[15.538s] INFO:colcon.colcon_core.shell:Creating package script '/home/ubuntu/rover_ws/install/rover_description/share/rover_description/package.ps1'
[15.539s] INFO:colcon.colcon_core.shell:Creating package descriptor '/home/ubuntu/rover_ws/install/rover_description/share/rover_description/package.dsv'
[15.540s] INFO:colcon.colcon_core.shell:Creating package script '/home/ubuntu/rover_ws/install/rover_description/share/rover_description/package.sh'
[15.540s] INFO:colcon.colcon_core.shell:Creating package script '/home/ubuntu/rover_ws/install/rover_description/share/rover_description/package.bash'
[15.541s] INFO:colcon.colcon_core.shell:Creating package script '/home/ubuntu/rover_ws/install/rover_description/share/rover_description/package.zsh'
[15.557s] Level 1:colcon.colcon_core.environment:create_file_with_runtime_dependencies(/home/ubuntu/rover_ws/install/rover_description/share/colcon-core/packages/rover_description)
[17.632s] DEBUG:colcon.colcon_core.event_handler.log_command:Invoked command in '/home/ubuntu/rover_ws/build/rover_utils' returned '0': CMAKE_PREFIX_PATH=${CMAKE_PREFIX_PATH}:/opt/ros/jazzy DEBUGINFOD_URLS=https://debuginfod.ubuntu.com /usr/bin/cmake --build /home/ubuntu/rover_ws/build/rover_utils -- -j16 -l16
[17.738s] DEBUG:colcon.colcon_core.event_handler.log_command:Invoking command in '/home/ubuntu/rover_ws/build/rover_utils': CMAKE_PREFIX_PATH=${CMAKE_PREFIX_PATH}:/opt/ros/jazzy DEBUGINFOD_URLS=https://debuginfod.ubuntu.com /usr/bin/cmake --install /home/ubuntu/rover_ws/build/rover_utils
[17.740s] DEBUG:colcon.colcon_core.event_handler.log_command:Invoked command in '/home/ubuntu/rover_ws/build/rover_localization' returned '0': CMAKE_PREFIX_PATH=${CMAKE_PREFIX_PATH}:/opt/ros/jazzy DEBUGINFOD_URLS=https://debuginfod.ubuntu.com /usr/bin/cmake --build /home/ubuntu/rover_ws/build/rover_localization -- -j16 -l16
[17.819s] DEBUG:colcon.colcon_core.event_handler.log_command:Invoking command in '/home/ubuntu/rover_ws/build/rover_localization': CMAKE_PREFIX_PATH=${CMAKE_PREFIX_PATH}:/opt/ros/jazzy DEBUGINFOD_URLS=https://debuginfod.ubuntu.com /usr/bin/cmake --install /home/ubuntu/rover_ws/build/rover_localization
[17.819s] DEBUG:colcon.colcon_core.event_handler.log_command:Invoked command in '/home/ubuntu/rover_ws/build/halleffect_controller' returned '0': CMAKE_PREFIX_PATH=${CMAKE_PREFIX_PATH}:/opt/ros/jazzy DEBUGINFOD_URLS=https://debuginfod.ubuntu.com /usr/bin/cmake --build /home/ubuntu/rover_ws/build/halleffect_controller -- -j16 -l16
[17.827s] DEBUG:colcon.colcon_core.event_handler.log_command:Invoking command in '/home/ubuntu/rover_ws/build/halleffect_controller': CMAKE_PREFIX_PATH=${CMAKE_PREFIX_PATH}:/opt/ros/jazzy DEBUGINFOD_URLS=https://debuginfod.ubuntu.com /usr/bin/cmake --install /home/ubuntu/rover_ws/build/halleffect_controller
[17.827s] DEBUG:colcon.colcon_core.event_handler.log_command:Invoked command in '/home/ubuntu/rover_ws/build/urdf_tutorial_cpp' returned '0': CMAKE_PREFIX_PATH=${CMAKE_PREFIX_PATH}:/opt/ros/jazzy DEBUGINFOD_URLS=https://debuginfod.ubuntu.com /usr/bin/cmake --build /home/ubuntu/rover_ws/build/urdf_tutorial_cpp -- -j16 -l16
[17.895s] DEBUG:colcon.colcon_core.event_handler.log_command:Invoking command in '/home/ubuntu/rover_ws/build/urdf_tutorial_cpp': CMAKE_PREFIX_PATH=${CMAKE_PREFIX_PATH}:/opt/ros/jazzy DEBUGINFOD_URLS=https://debuginfod.ubuntu.com /usr/bin/cmake --install /home/ubuntu/rover_ws/build/urdf_tutorial_cpp
[18.343s] Level 1:colcon.colcon_core.environment:create_environment_scripts_only(urdf_tutorial_cpp)
[18.343s] Level 1:colcon.colcon_core.environment:checking '/home/ubuntu/rover_ws/install/urdf_tutorial_cpp' for CMake module files
[18.344s] DEBUG:colcon.colcon_core.event_handler.log_command:Invoked command in '/home/ubuntu/rover_ws/build/urdf_tutorial_cpp' returned '0': CMAKE_PREFIX_PATH=${CMAKE_PREFIX_PATH}:/opt/ros/jazzy DEBUGINFOD_URLS=https://debuginfod.ubuntu.com /usr/bin/cmake --install /home/ubuntu/rover_ws/build/urdf_tutorial_cpp
[18.344s] Level 1:colcon.colcon_core.environment:checking '/home/ubuntu/rover_ws/install/urdf_tutorial_cpp' for CMake config files
[18.345s] Level 1:colcon.colcon_core.shell:create_environment_hook('urdf_tutorial_cpp', 'cmake_prefix_path')
[18.345s] INFO:colcon.colcon_core.shell:Creating environment hook '/home/ubuntu/rover_ws/install/urdf_tutorial_cpp/share/urdf_tutorial_cpp/hook/cmake_prefix_path.ps1'
[18.345s] INFO:colcon.colcon_core.shell:Creating environment descriptor '/home/ubuntu/rover_ws/install/urdf_tutorial_cpp/share/urdf_tutorial_cpp/hook/cmake_prefix_path.dsv'
[18.346s] INFO:colcon.colcon_core.shell:Creating environment hook '/home/ubuntu/rover_ws/install/urdf_tutorial_cpp/share/urdf_tutorial_cpp/hook/cmake_prefix_path.sh'
[18.346s] Level 1:colcon.colcon_core.environment:checking '/home/ubuntu/rover_ws/install/urdf_tutorial_cpp/lib'
[18.347s] Level 1:colcon.colcon_core.environment:checking '/home/ubuntu/rover_ws/install/urdf_tutorial_cpp/bin'
[18.347s] Level 1:colcon.colcon_core.environment:checking '/home/ubuntu/rover_ws/install/urdf_tutorial_cpp/lib/pkgconfig/urdf_tutorial_cpp.pc'
[18.347s] Level 1:colcon.colcon_core.environment:checking '/home/ubuntu/rover_ws/install/urdf_tutorial_cpp/lib/python3.12/site-packages'
[18.347s] Level 1:colcon.colcon_core.environment:checking '/home/ubuntu/rover_ws/install/urdf_tutorial_cpp/bin'
[18.348s] INFO:colcon.colcon_core.shell:Creating package script '/home/ubuntu/rover_ws/install/urdf_tutorial_cpp/share/urdf_tutorial_cpp/package.ps1'
[18.348s] INFO:colcon.colcon_core.shell:Creating package descriptor '/home/ubuntu/rover_ws/install/urdf_tutorial_cpp/share/urdf_tutorial_cpp/package.dsv'
[18.348s] INFO:colcon.colcon_core.shell:Creating package script '/home/ubuntu/rover_ws/install/urdf_tutorial_cpp/share/urdf_tutorial_cpp/package.sh'
[18.349s] INFO:colcon.colcon_core.shell:Creating package script '/home/ubuntu/rover_ws/install/urdf_tutorial_cpp/share/urdf_tutorial_cpp/package.bash'
[18.349s] INFO:colcon.colcon_core.shell:Creating package script '/home/ubuntu/rover_ws/install/urdf_tutorial_cpp/share/urdf_tutorial_cpp/package.zsh'
[18.349s] Level 1:colcon.colcon_core.environment:create_file_with_runtime_dependencies(/home/ubuntu/rover_ws/install/urdf_tutorial_cpp/share/colcon-core/packages/urdf_tutorial_cpp)
[18.349s] Level 1:colcon.colcon_core.environment:create_environment_scripts_only(urdf_tutorial_cpp)
[18.350s] Level 1:colcon.colcon_core.environment:checking '/home/ubuntu/rover_ws/install/urdf_tutorial_cpp' for CMake module files
[18.350s] Level 1:colcon.colcon_core.environment:checking '/home/ubuntu/rover_ws/install/urdf_tutorial_cpp' for CMake config files
[18.350s] Level 1:colcon.colcon_core.shell:create_environment_hook('urdf_tutorial_cpp', 'cmake_prefix_path')
[18.350s] INFO:colcon.colcon_core.shell:Creating environment hook '/home/ubuntu/rover_ws/install/urdf_tutorial_cpp/share/urdf_tutorial_cpp/hook/cmake_prefix_path.ps1'
[18.353s] INFO:colcon.colcon_core.shell:Creating environment descriptor '/home/ubuntu/rover_ws/install/urdf_tutorial_cpp/share/urdf_tutorial_cpp/hook/cmake_prefix_path.dsv'
[18.353s] INFO:colcon.colcon_core.shell:Creating environment hook '/home/ubuntu/rover_ws/install/urdf_tutorial_cpp/share/urdf_tutorial_cpp/hook/cmake_prefix_path.sh'
[18.353s] Level 1:colcon.colcon_core.environment:checking '/home/ubuntu/rover_ws/install/urdf_tutorial_cpp/lib'
[18.353s] Level 1:colcon.colcon_core.environment:checking '/home/ubuntu/rover_ws/install/urdf_tutorial_cpp/bin'
[18.353s] Level 1:colcon.colcon_core.environment:checking '/home/ubuntu/rover_ws/install/urdf_tutorial_cpp/lib/pkgconfig/urdf_tutorial_cpp.pc'
[18.353s] Level 1:colcon.colcon_core.environment:checking '/home/ubuntu/rover_ws/install/urdf_tutorial_cpp/lib/python3.12/site-packages'
[18.353s] Level 1:colcon.colcon_core.environment:checking '/home/ubuntu/rover_ws/install/urdf_tutorial_cpp/bin'
[18.354s] INFO:colcon.colcon_core.shell:Creating package script '/home/ubuntu/rover_ws/install/urdf_tutorial_cpp/share/urdf_tutorial_cpp/package.ps1'
[18.354s] INFO:colcon.colcon_core.shell:Creating package descriptor '/home/ubuntu/rover_ws/install/urdf_tutorial_cpp/share/urdf_tutorial_cpp/package.dsv'
[18.354s] INFO:colcon.colcon_core.shell:Creating package script '/home/ubuntu/rover_ws/install/urdf_tutorial_cpp/share/urdf_tutorial_cpp/package.sh'
[18.354s] INFO:colcon.colcon_core.shell:Creating package script '/home/ubuntu/rover_ws/install/urdf_tutorial_cpp/share/urdf_tutorial_cpp/package.bash'
[18.355s] INFO:colcon.colcon_core.shell:Creating package script '/home/ubuntu/rover_ws/install/urdf_tutorial_cpp/share/urdf_tutorial_cpp/package.zsh'
[18.355s] Level 1:colcon.colcon_core.environment:create_file_with_runtime_dependencies(/home/ubuntu/rover_ws/install/urdf_tutorial_cpp/share/colcon-core/packages/urdf_tutorial_cpp)
[18.485s] Level 1:colcon.colcon_core.environment:create_environment_scripts_only(rover_utils)
[18.485s] Level 1:colcon.colcon_core.environment:checking '/home/ubuntu/rover_ws/install/rover_utils' for CMake module files
[18.486s] DEBUG:colcon.colcon_core.event_handler.log_command:Invoked command in '/home/ubuntu/rover_ws/build/rover_utils' returned '0': CMAKE_PREFIX_PATH=${CMAKE_PREFIX_PATH}:/opt/ros/jazzy DEBUGINFOD_URLS=https://debuginfod.ubuntu.com /usr/bin/cmake --install /home/ubuntu/rover_ws/build/rover_utils
[18.486s] Level 1:colcon.colcon_core.environment:checking '/home/ubuntu/rover_ws/install/rover_utils' for CMake config files
[18.486s] Level 1:colcon.colcon_core.shell:create_environment_hook('rover_utils', 'cmake_prefix_path')
[18.486s] INFO:colcon.colcon_core.shell:Creating environment hook '/home/ubuntu/rover_ws/install/rover_utils/share/rover_utils/hook/cmake_prefix_path.ps1'
[18.486s] INFO:colcon.colcon_core.shell:Creating environment descriptor '/home/ubuntu/rover_ws/install/rover_utils/share/rover_utils/hook/cmake_prefix_path.dsv'
[18.487s] INFO:colcon.colcon_core.shell:Creating environment hook '/home/ubuntu/rover_ws/install/rover_utils/share/rover_utils/hook/cmake_prefix_path.sh'
[18.487s] Level 1:colcon.colcon_core.environment:checking '/home/ubuntu/rover_ws/install/rover_utils/lib'
[18.487s] Level 1:colcon.colcon_core.environment:checking '/home/ubuntu/rover_ws/install/rover_utils/bin'
[18.487s] Level 1:colcon.colcon_core.environment:checking '/home/ubuntu/rover_ws/install/rover_utils/lib/pkgconfig/rover_utils.pc'
[18.487s] Level 1:colcon.colcon_core.environment:checking '/home/ubuntu/rover_ws/install/rover_utils/lib/python3.12/site-packages'
[18.487s] Level 1:colcon.colcon_core.environment:checking '/home/ubuntu/rover_ws/install/rover_utils/bin'
[18.488s] INFO:colcon.colcon_core.shell:Creating package script '/home/ubuntu/rover_ws/install/rover_utils/share/rover_utils/package.ps1'
[18.488s] INFO:colcon.colcon_core.shell:Creating package descriptor '/home/ubuntu/rover_ws/install/rover_utils/share/rover_utils/package.dsv'
[18.488s] INFO:colcon.colcon_core.shell:Creating package script '/home/ubuntu/rover_ws/install/rover_utils/share/rover_utils/package.sh'
[18.488s] INFO:colcon.colcon_core.shell:Creating package script '/home/ubuntu/rover_ws/install/rover_utils/share/rover_utils/package.bash'
[18.488s] INFO:colcon.colcon_core.shell:Creating package script '/home/ubuntu/rover_ws/install/rover_utils/share/rover_utils/package.zsh'
[18.489s] Level 1:colcon.colcon_core.environment:create_file_with_runtime_dependencies(/home/ubuntu/rover_ws/install/rover_utils/share/colcon-core/packages/rover_utils)
[18.489s] Level 1:colcon.colcon_core.environment:create_environment_scripts_only(rover_utils)
[18.489s] Level 1:colcon.colcon_core.environment:checking '/home/ubuntu/rover_ws/install/rover_utils' for CMake module files
[18.489s] Level 1:colcon.colcon_core.environment:checking '/home/ubuntu/rover_ws/install/rover_utils' for CMake config files
[18.489s] Level 1:colcon.colcon_core.shell:create_environment_hook('rover_utils', 'cmake_prefix_path')
[18.489s] INFO:colcon.colcon_core.shell:Creating environment hook '/home/ubuntu/rover_ws/install/rover_utils/share/rover_utils/hook/cmake_prefix_path.ps1'
[18.581s] INFO:colcon.colcon_core.shell:Creating environment descriptor '/home/ubuntu/rover_ws/install/rover_utils/share/rover_utils/hook/cmake_prefix_path.dsv'
[18.582s] INFO:colcon.colcon_core.shell:Creating environment hook '/home/ubuntu/rover_ws/install/rover_utils/share/rover_utils/hook/cmake_prefix_path.sh'
[18.584s] Level 1:colcon.colcon_core.environment:checking '/home/ubuntu/rover_ws/install/rover_utils/lib'
[18.584s] Level 1:colcon.colcon_core.environment:checking '/home/ubuntu/rover_ws/install/rover_utils/bin'
[18.584s] Level 1:colcon.colcon_core.environment:checking '/home/ubuntu/rover_ws/install/rover_utils/lib/pkgconfig/rover_utils.pc'
[18.585s] Level 1:colcon.colcon_core.environment:checking '/home/ubuntu/rover_ws/install/rover_utils/lib/python3.12/site-packages'
[18.586s] Level 1:colcon.colcon_core.environment:checking '/home/ubuntu/rover_ws/install/rover_utils/bin'
[18.587s] INFO:colcon.colcon_core.shell:Creating package script '/home/ubuntu/rover_ws/install/rover_utils/share/rover_utils/package.ps1'
[18.589s] INFO:colcon.colcon_core.shell:Creating package descriptor '/home/ubuntu/rover_ws/install/rover_utils/share/rover_utils/package.dsv'
[18.590s] INFO:colcon.colcon_core.shell:Creating package script '/home/ubuntu/rover_ws/install/rover_utils/share/rover_utils/package.sh'
[18.591s] INFO:colcon.colcon_core.shell:Creating package script '/home/ubuntu/rover_ws/install/rover_utils/share/rover_utils/package.bash'
[18.593s] INFO:colcon.colcon_core.shell:Creating package script '/home/ubuntu/rover_ws/install/rover_utils/share/rover_utils/package.zsh'
[18.594s] Level 1:colcon.colcon_core.environment:create_file_with_runtime_dependencies(/home/ubuntu/rover_ws/install/rover_utils/share/colcon-core/packages/rover_utils)
[18.729s] Level 1:colcon.colcon_core.environment:create_environment_scripts_only(rover_localization)
[18.730s] Level 1:colcon.colcon_core.environment:checking '/home/ubuntu/rover_ws/install/rover_localization' for CMake module files
[18.731s] DEBUG:colcon.colcon_core.event_handler.log_command:Invoked command in '/home/ubuntu/rover_ws/build/rover_localization' returned '0': CMAKE_PREFIX_PATH=${CMAKE_PREFIX_PATH}:/opt/ros/jazzy DEBUGINFOD_URLS=https://debuginfod.ubuntu.com /usr/bin/cmake --install /home/ubuntu/rover_ws/build/rover_localization
[18.733s] Level 1:colcon.colcon_core.environment:checking '/home/ubuntu/rover_ws/install/rover_localization' for CMake config files
[18.734s] Level 1:colcon.colcon_core.shell:create_environment_hook('rover_localization', 'cmake_prefix_path')
[18.734s] INFO:colcon.colcon_core.shell:Creating environment hook '/home/ubuntu/rover_ws/install/rover_localization/share/rover_localization/hook/cmake_prefix_path.ps1'
[18.735s] INFO:colcon.colcon_core.shell:Creating environment descriptor '/home/ubuntu/rover_ws/install/rover_localization/share/rover_localization/hook/cmake_prefix_path.dsv'
[18.736s] INFO:colcon.colcon_core.shell:Creating environment hook '/home/ubuntu/rover_ws/install/rover_localization/share/rover_localization/hook/cmake_prefix_path.sh'
[18.738s] Level 1:colcon.colcon_core.environment:checking '/home/ubuntu/rover_ws/install/rover_localization/lib'
[18.738s] Level 1:colcon.colcon_core.environment:checking '/home/ubuntu/rover_ws/install/rover_localization/bin'
[18.738s] Level 1:colcon.colcon_core.environment:checking '/home/ubuntu/rover_ws/install/rover_localization/lib/pkgconfig/rover_localization.pc'
[18.739s] Level 1:colcon.colcon_core.environment:checking '/home/ubuntu/rover_ws/install/rover_localization/lib/python3.12/site-packages'
[18.740s] Level 1:colcon.colcon_core.environment:checking '/home/ubuntu/rover_ws/install/rover_localization/bin'
[18.740s] INFO:colcon.colcon_core.shell:Creating package script '/home/ubuntu/rover_ws/install/rover_localization/share/rover_localization/package.ps1'
[18.741s] INFO:colcon.colcon_core.shell:Creating package descriptor '/home/ubuntu/rover_ws/install/rover_localization/share/rover_localization/package.dsv'
[18.742s] INFO:colcon.colcon_core.shell:Creating package script '/home/ubuntu/rover_ws/install/rover_localization/share/rover_localization/package.sh'
[18.742s] INFO:colcon.colcon_core.shell:Creating package script '/home/ubuntu/rover_ws/install/rover_localization/share/rover_localization/package.bash'
[18.743s] INFO:colcon.colcon_core.shell:Creating package script '/home/ubuntu/rover_ws/install/rover_localization/share/rover_localization/package.zsh'
[18.743s] Level 1:colcon.colcon_core.environment:create_file_with_runtime_dependencies(/home/ubuntu/rover_ws/install/rover_localization/share/colcon-core/packages/rover_localization)
[18.744s] Level 1:colcon.colcon_core.environment:create_environment_scripts_only(rover_localization)
[18.744s] Level 1:colcon.colcon_core.environment:checking '/home/ubuntu/rover_ws/install/rover_localization' for CMake module files
[18.745s] Level 1:colcon.colcon_core.environment:checking '/home/ubuntu/rover_ws/install/rover_localization' for CMake config files
[18.745s] Level 1:colcon.colcon_core.shell:create_environment_hook('rover_localization', 'cmake_prefix_path')
[18.745s] INFO:colcon.colcon_core.shell:Creating environment hook '/home/ubuntu/rover_ws/install/rover_localization/share/rover_localization/hook/cmake_prefix_path.ps1'
[18.803s] INFO:colcon.colcon_core.shell:Creating environment descriptor '/home/ubuntu/rover_ws/install/rover_localization/share/rover_localization/hook/cmake_prefix_path.dsv'
[18.804s] INFO:colcon.colcon_core.shell:Creating environment hook '/home/ubuntu/rover_ws/install/rover_localization/share/rover_localization/hook/cmake_prefix_path.sh'
[18.806s] Level 1:colcon.colcon_core.environment:checking '/home/ubuntu/rover_ws/install/rover_localization/lib'
[18.807s] Level 1:colcon.colcon_core.environment:checking '/home/ubuntu/rover_ws/install/rover_localization/bin'
[18.807s] Level 1:colcon.colcon_core.environment:checking '/home/ubuntu/rover_ws/install/rover_localization/lib/pkgconfig/rover_localization.pc'
[18.808s] Level 1:colcon.colcon_core.environment:checking '/home/ubuntu/rover_ws/install/rover_localization/lib/python3.12/site-packages'
[18.809s] Level 1:colcon.colcon_core.environment:checking '/home/ubuntu/rover_ws/install/rover_localization/bin'
[18.809s] INFO:colcon.colcon_core.shell:Creating package script '/home/ubuntu/rover_ws/install/rover_localization/share/rover_localization/package.ps1'
[18.811s] INFO:colcon.colcon_core.shell:Creating package descriptor '/home/ubuntu/rover_ws/install/rover_localization/share/rover_localization/package.dsv'
[18.812s] INFO:colcon.colcon_core.shell:Creating package script '/home/ubuntu/rover_ws/install/rover_localization/share/rover_localization/package.sh'
[18.813s] INFO:colcon.colcon_core.shell:Creating package script '/home/ubuntu/rover_ws/install/rover_localization/share/rover_localization/package.bash'
[18.814s] INFO:colcon.colcon_core.shell:Creating package script '/home/ubuntu/rover_ws/install/rover_localization/share/rover_localization/package.zsh'
[18.815s] Level 1:colcon.colcon_core.environment:create_file_with_runtime_dependencies(/home/ubuntu/rover_ws/install/rover_localization/share/colcon-core/packages/rover_localization)
[19.034s] Level 1:colcon.colcon_core.environment:create_environment_scripts_only(halleffect_controller)
[19.035s] Level 1:colcon.colcon_core.environment:checking '/home/ubuntu/rover_ws/install/halleffect_controller' for CMake module files
[19.037s] DEBUG:colcon.colcon_core.event_handler.log_command:Invoked command in '/home/ubuntu/rover_ws/build/halleffect_controller' returned '0': CMAKE_PREFIX_PATH=${CMAKE_PREFIX_PATH}:/opt/ros/jazzy DEBUGINFOD_URLS=https://debuginfod.ubuntu.com /usr/bin/cmake --install /home/ubuntu/rover_ws/build/halleffect_controller
[19.039s] Level 1:colcon.colcon_core.environment:checking '/home/ubuntu/rover_ws/install/halleffect_controller' for CMake config files
[19.040s] Level 1:colcon.colcon_core.shell:create_environment_hook('halleffect_controller', 'cmake_prefix_path')
[19.040s] INFO:colcon.colcon_core.shell:Creating environment hook '/home/ubuntu/rover_ws/install/halleffect_controller/share/halleffect_controller/hook/cmake_prefix_path.ps1'
[19.042s] INFO:colcon.colcon_core.shell:Creating environment descriptor '/home/ubuntu/rover_ws/install/halleffect_controller/share/halleffect_controller/hook/cmake_prefix_path.dsv'
[19.043s] INFO:colcon.colcon_core.shell:Creating environment hook '/home/ubuntu/rover_ws/install/halleffect_controller/share/halleffect_controller/hook/cmake_prefix_path.sh'
[19.044s] Level 1:colcon.colcon_core.environment:checking '/home/ubuntu/rover_ws/install/halleffect_controller/lib'
[19.044s] Level 1:colcon.colcon_core.environment:checking '/home/ubuntu/rover_ws/install/halleffect_controller/bin'
[19.044s] Level 1:colcon.colcon_core.environment:checking '/home/ubuntu/rover_ws/install/halleffect_controller/lib/pkgconfig/halleffect_controller.pc'
[19.045s] Level 1:colcon.colcon_core.environment:checking '/home/ubuntu/rover_ws/install/halleffect_controller/lib/python3.12/site-packages'
[19.046s] Level 1:colcon.colcon_core.environment:checking '/home/ubuntu/rover_ws/install/halleffect_controller/bin'
[19.046s] INFO:colcon.colcon_core.shell:Creating package script '/home/ubuntu/rover_ws/install/halleffect_controller/share/halleffect_controller/package.ps1'
[19.047s] INFO:colcon.colcon_core.shell:Creating package descriptor '/home/ubuntu/rover_ws/install/halleffect_controller/share/halleffect_controller/package.dsv'
[19.047s] INFO:colcon.colcon_core.shell:Creating package script '/home/ubuntu/rover_ws/install/halleffect_controller/share/halleffect_controller/package.sh'
[19.048s] INFO:colcon.colcon_core.shell:Creating package script '/home/ubuntu/rover_ws/install/halleffect_controller/share/halleffect_controller/package.bash'
[19.049s] INFO:colcon.colcon_core.shell:Creating package script '/home/ubuntu/rover_ws/install/halleffect_controller/share/halleffect_controller/package.zsh'
[19.049s] Level 1:colcon.colcon_core.environment:create_file_with_runtime_dependencies(/home/ubuntu/rover_ws/install/halleffect_controller/share/colcon-core/packages/halleffect_controller)
[19.049s] Level 1:colcon.colcon_core.environment:create_environment_scripts_only(halleffect_controller)
[19.050s] Level 1:colcon.colcon_core.environment:checking '/home/ubuntu/rover_ws/install/halleffect_controller' for CMake module files
[19.050s] Level 1:colcon.colcon_core.environment:checking '/home/ubuntu/rover_ws/install/halleffect_controller' for CMake config files
[19.050s] Level 1:colcon.colcon_core.shell:create_environment_hook('halleffect_controller', 'cmake_prefix_path')
[19.050s] INFO:colcon.colcon_core.shell:Creating environment hook '/home/ubuntu/rover_ws/install/halleffect_controller/share/halleffect_controller/hook/cmake_prefix_path.ps1'
[19.084s] INFO:colcon.colcon_core.shell:Creating environment descriptor '/home/ubuntu/rover_ws/install/halleffect_controller/share/halleffect_controller/hook/cmake_prefix_path.dsv'
[19.097s] INFO:colcon.colcon_core.shell:Creating environment hook '/home/ubuntu/rover_ws/install/halleffect_controller/share/halleffect_controller/hook/cmake_prefix_path.sh'
[19.099s] Level 1:colcon.colcon_core.environment:checking '/home/ubuntu/rover_ws/install/halleffect_controller/lib'
[19.100s] Level 1:colcon.colcon_core.environment:checking '/home/ubuntu/rover_ws/install/halleffect_controller/bin'
[19.100s] Level 1:colcon.colcon_core.environment:checking '/home/ubuntu/rover_ws/install/halleffect_controller/lib/pkgconfig/halleffect_controller.pc'
[19.101s] Level 1:colcon.colcon_core.environment:checking '/home/ubuntu/rover_ws/install/halleffect_controller/lib/python3.12/site-packages'
[19.102s] Level 1:colcon.colcon_core.environment:checking '/home/ubuntu/rover_ws/install/halleffect_controller/bin'
[19.102s] INFO:colcon.colcon_core.shell:Creating package script '/home/ubuntu/rover_ws/install/halleffect_controller/share/halleffect_controller/package.ps1'
[19.104s] INFO:colcon.colcon_core.shell:Creating package descriptor '/home/ubuntu/rover_ws/install/halleffect_controller/share/halleffect_controller/package.dsv'
[19.105s] INFO:colcon.colcon_core.shell:Creating package script '/home/ubuntu/rover_ws/install/halleffect_controller/share/halleffect_controller/package.sh'
[19.106s] INFO:colcon.colcon_core.shell:Creating package script '/home/ubuntu/rover_ws/install/halleffect_controller/share/halleffect_controller/package.bash'
[19.107s] INFO:colcon.colcon_core.shell:Creating package script '/home/ubuntu/rover_ws/install/halleffect_controller/share/halleffect_controller/package.zsh'
[19.108s] Level 1:colcon.colcon_core.environment:create_file_with_runtime_dependencies(/home/ubuntu/rover_ws/install/halleffect_controller/share/colcon-core/packages/halleffect_controller)
[19.108s] DEBUG:colcon.colcon_parallel_executor.executor.parallel:closing loop
[19.108s] DEBUG:colcon.colcon_parallel_executor.executor.parallel:loop closed
[19.109s] DEBUG:colcon.colcon_parallel_executor.executor.parallel:run_until_complete finished with '0'
[19.109s] DEBUG:colcon.colcon_core.event_reactor:joining thread
[19.569s] INFO:colcon.colcon_core.plugin_system:Skipping extension 'colcon_notification.desktop_notification.terminal_notifier': Not used on non-Darwin systems
[19.569s] INFO:colcon.colcon_core.plugin_system:Skipping extension 'colcon_notification.desktop_notification.win32': Not used on non-Windows systems
[19.569s] INFO:colcon.colcon_notification.desktop_notification:Sending desktop notification using 'notify2'
[19.586s] DEBUG:colcon.colcon_core.event_reactor:joined thread
[19.586s] INFO:colcon.colcon_core.shell:Creating prefix script '/home/ubuntu/rover_ws/install/local_setup.ps1'
[19.620s] INFO:colcon.colcon_core.shell:Creating prefix util module '/home/ubuntu/rover_ws/install/_local_setup_util_ps1.py'
[19.672s] INFO:colcon.colcon_core.shell:Creating prefix chain script '/home/ubuntu/rover_ws/install/setup.ps1'
[19.734s] INFO:colcon.colcon_core.shell:Creating prefix script '/home/ubuntu/rover_ws/install/local_setup.sh'
[19.783s] INFO:colcon.colcon_core.shell:Creating prefix util module '/home/ubuntu/rover_ws/install/_local_setup_util_sh.py'
[19.783s] INFO:colcon.colcon_core.shell:Creating prefix chain script '/home/ubuntu/rover_ws/install/setup.sh'
[19.794s] INFO:colcon.colcon_core.shell:Creating prefix script '/home/ubuntu/rover_ws/install/local_setup.bash'
[19.910s] INFO:colcon.colcon_core.shell:Creating prefix chain script '/home/ubuntu/rover_ws/install/setup.bash'
[19.931s] INFO:colcon.colcon_core.shell:Creating prefix script '/home/ubuntu/rover_ws/install/local_setup.zsh'
[20.043s] INFO:colcon.colcon_core.shell:Creating prefix chain script '/home/ubuntu/rover_ws/install/setup.zsh'
