[0.012s] Invoking command in '/home/ubuntu/rover_ws/build/rover_utils': CMAKE_PREFIX_PATH=${CMAKE_PREFIX_PATH}:/opt/ros/jazzy DEBUGINFOD_URLS=https://debuginfod.ubuntu.com /usr/bin/cmake --build /home/ubuntu/rover_ws/build/rover_utils -- -j16 -l16
[0.121s] [100%] Built target trajectory_drawer
[0.136s] Invoked command in '/home/ubuntu/rover_ws/build/rover_utils' returned '0': CMAKE_PREFIX_PATH=${CMAKE_PREFIX_PATH}:/opt/ros/jazzy DEBUGINFOD_URLS=https://debuginfod.ubuntu.com /usr/bin/cmake --build /home/ubuntu/rover_ws/build/rover_utils -- -j16 -l16
[0.137s] Invoking command in '/home/ubuntu/rover_ws/build/rover_utils': CMAKE_PREFIX_PATH=${CMAKE_PREFIX_PATH}:/opt/ros/jazzy DEBUGINFOD_URLS=https://debuginfod.ubuntu.com /usr/bin/cmake --install /home/ubuntu/rover_ws/build/rover_utils
[0.144s] -- Install configuration: ""
[0.144s] -- Up-to-date: /home/ubuntu/rover_ws/install/rover_utils/lib/rover_utils/trajectory_drawer
[0.144s] -- Up-to-date: /home/ubuntu/rover_ws/install/rover_utils/share/ament_index/resource_index/package_run_dependencies/rover_utils
[0.144s] -- Up-to-date: /home/ubuntu/rover_ws/install/rover_utils/share/ament_index/resource_index/parent_prefix_path/rover_utils
[0.144s] -- Up-to-date: /home/ubuntu/rover_ws/install/rover_utils/share/rover_utils/environment/ament_prefix_path.sh
[0.144s] -- Up-to-date: /home/ubuntu/rover_ws/install/rover_utils/share/rover_utils/environment/ament_prefix_path.dsv
[0.145s] -- Up-to-date: /home/ubuntu/rover_ws/install/rover_utils/share/rover_utils/environment/path.sh
[0.145s] -- Up-to-date: /home/ubuntu/rover_ws/install/rover_utils/share/rover_utils/environment/path.dsv
[0.145s] -- Up-to-date: /home/ubuntu/rover_ws/install/rover_utils/share/rover_utils/local_setup.bash
[0.145s] -- Up-to-date: /home/ubuntu/rover_ws/install/rover_utils/share/rover_utils/local_setup.sh
[0.145s] -- Up-to-date: /home/ubuntu/rover_ws/install/rover_utils/share/rover_utils/local_setup.zsh
[0.145s] -- Up-to-date: /home/ubuntu/rover_ws/install/rover_utils/share/rover_utils/local_setup.dsv
[0.145s] -- Installing: /home/ubuntu/rover_ws/install/rover_utils/share/rover_utils/package.dsv
[0.145s] -- Up-to-date: /home/ubuntu/rover_ws/install/rover_utils/share/ament_index/resource_index/packages/rover_utils
[0.145s] -- Up-to-date: /home/ubuntu/rover_ws/install/rover_utils/share/rover_utils/cmake/rover_utilsConfig.cmake
[0.145s] -- Up-to-date: /home/ubuntu/rover_ws/install/rover_utils/share/rover_utils/cmake/rover_utilsConfig-version.cmake
[0.145s] -- Up-to-date: /home/ubuntu/rover_ws/install/rover_utils/share/rover_utils/package.xml
[0.150s] Invoked command in '/home/ubuntu/rover_ws/build/rover_utils' returned '0': CMAKE_PREFIX_PATH=${CMAKE_PREFIX_PATH}:/opt/ros/jazzy DEBUGINFOD_URLS=https://debuginfod.ubuntu.com /usr/bin/cmake --install /home/ubuntu/rover_ws/build/rover_utils
