[0.453s] Invoking command in '/home/ubuntu/rover_ws/build/rover_utils': CMAKE_PREFIX_PATH=${CMAKE_PREFIX_PATH}:/opt/ros/jazzy DEBUGINFOD_URLS=https://debuginfod.ubuntu.com /usr/bin/cmake --build /home/ubuntu/rover_ws/build/rover_utils -- -j16 -l16
[6.374s] [100%] Built target trajectory_drawer
[6.392s] Invoked command in '/home/ubuntu/rover_ws/build/rover_utils' returned '0': CMAKE_PREFIX_PATH=${CMAKE_PREFIX_PATH}:/opt/ros/jazzy DEBUGINFOD_URLS=https://debuginfod.ubuntu.com /usr/bin/cmake --build /home/ubuntu/rover_ws/build/rover_utils -- -j16 -l16
[6.497s] Invoking command in '/home/ubuntu/rover_ws/build/rover_utils': CMAKE_PREFIX_PATH=${CMAKE_PREFIX_PATH}:/opt/ros/jazzy DEBUGINFOD_URLS=https://debuginfod.ubuntu.com /usr/bin/cmake --install /home/ubuntu/rover_ws/build/rover_utils
[6.579s] -- Install configuration: ""
[7.128s] -- Up-to-date: /home/ubuntu/rover_ws/install/rover_utils/lib/rover_utils/trajectory_drawer
[7.128s] -- Up-to-date: /home/ubuntu/rover_ws/install/rover_utils/share/ament_index/resource_index/package_run_dependencies/rover_utils
[7.128s] -- Up-to-date: /home/ubuntu/rover_ws/install/rover_utils/share/ament_index/resource_index/parent_prefix_path/rover_utils
[7.128s] -- Up-to-date: /home/ubuntu/rover_ws/install/rover_utils/share/rover_utils/environment/ament_prefix_path.sh
[7.129s] -- Up-to-date: /home/ubuntu/rover_ws/install/rover_utils/share/rover_utils/environment/ament_prefix_path.dsv
[7.129s] -- Up-to-date: /home/ubuntu/rover_ws/install/rover_utils/share/rover_utils/environment/path.sh
[7.129s] -- Up-to-date: /home/ubuntu/rover_ws/install/rover_utils/share/rover_utils/environment/path.dsv
[7.129s] -- Up-to-date: /home/ubuntu/rover_ws/install/rover_utils/share/rover_utils/local_setup.bash
[7.129s] -- Up-to-date: /home/ubuntu/rover_ws/install/rover_utils/share/rover_utils/local_setup.sh
[7.129s] -- Up-to-date: /home/ubuntu/rover_ws/install/rover_utils/share/rover_utils/local_setup.zsh
[7.130s] -- Up-to-date: /home/ubuntu/rover_ws/install/rover_utils/share/rover_utils/local_setup.dsv
[7.130s] -- Installing: /home/ubuntu/rover_ws/install/rover_utils/share/rover_utils/package.dsv
[7.242s] -- Up-to-date: /home/ubuntu/rover_ws/install/rover_utils/share/ament_index/resource_index/packages/rover_utils
[7.242s] -- Up-to-date: /home/ubuntu/rover_ws/install/rover_utils/share/rover_utils/cmake/rover_utilsConfig.cmake
[7.243s] -- Up-to-date: /home/ubuntu/rover_ws/install/rover_utils/share/rover_utils/cmake/rover_utilsConfig-version.cmake
[7.243s] -- Up-to-date: /home/ubuntu/rover_ws/install/rover_utils/share/rover_utils/package.xml
[7.245s] Invoked command in '/home/ubuntu/rover_ws/build/rover_utils' returned '0': CMAKE_PREFIX_PATH=${CMAKE_PREFIX_PATH}:/opt/ros/jazzy DEBUGINFOD_URLS=https://debuginfod.ubuntu.com /usr/bin/cmake --install /home/ubuntu/rover_ws/build/rover_utils
